2025-09-26T01:02:31+00:00 DEBUG POST: https://business-api.tiktok.com/tbp/v2.0/business_profile/disconnect?external_data=

{"business_platform":"WOO_COMMERCE","external_business_id":"tt4b_woocommerce_68c8ddced3140"}
 ajax: no
2025-09-26T01:02:31+00:00 DEBUG Tt4b_Mapi_Class::tbp_post: Response: 

HTTP/1.1 200 OK
Content-Type: application/json; charset=utf-8
Content-Length: 95
X-Api-Deprecation-Info: API for Business Version 1.3 is now live. To avoid disruption to your business, we recommend you migrate all calls to v1.3 as soon as possible. Please visit our migration guide for more details: https://ads.tiktok.com/marketing_api/docs?id=1740029169927169
X-Domain-Change-Info: We have moved to the new domain business-api.tiktok.com for API services after the Platform Upgrade on 09/30/2021. Please update all of your requests with the new domain if you haven't done so already. For more information, please visit https://ads.tiktok.com/marketing_api/docs?rid=esb88xalm6m&id=1709207085043713
X-Tt-Logid: 2025092609023192D47F1C1FE7D135ABE1
Access-Control-Expose-Headers: x-tt-traceflag,x-tt-logid
Server-Timing: inner; dur=11
x-tt-trace-host: 014dc9979ad0c80a7fb33ebe0d1714e9628800f0f5a27a45091d4e98c2f5bfda0fc5a76c17eb645818ec5437fa25a9039991f606ca0ace3b6a0fb172fc6d54a54c6388e448ba595a5b46e1af69d23a824f087929a0f242190b9be59c3ebc31372b
x-tt-trace-id: 00-25092609023192D47F1C1FE7D135ABE1-25EDB3365D750625-00
Server: TLB
Expires: Fri, 26 Sep 2025 01:02:31 GMT
Cache-Control: max-age=0, no-cache, no-store
Pragma: no-cache
Date: Fri, 26 Sep 2025 01:02:31 GMT
X-Cache: TCP_MISS from a23-214-88-53.deploy.akamaitechnologies.com (AkamaiGHost/22.2.4.1-a037218b67efe8ad9050157600b4a630) (-)
Connection: close
x-tt-trace-tag: id=16;cdn-cache=miss;type=dyn
Server-Timing: cdn-cache; desc=MISS, edge; dur=3, origin; dur=106
X-Origin-Response-Time: 106,23.214.88.53
X-Akamai-Request-ID: 582d430f

{"code":40001,"message":"Permission denied.","request_id":"2025092609023192D47F1C1FE7D135ABE1"}
2025-09-26T01:02:31+00:00 DEBUG POST: https://business-api.tiktok.com/tbp/v2.0/shop/connection/disconnect?external_data=

--- EMPTY STRING ---
 ajax: no
2025-09-26T01:02:31+00:00 DEBUG Tt4b_Mapi_Class::tts_shop_disconnect: Response: 

HTTP/1.1 200 OK
Content-Type: application/json; charset=utf-8
Content-Length: 95
X-Api-Deprecation-Info: API for Business Version 1.3 is now live. To avoid disruption to your business, we recommend you migrate all calls to v1.3 as soon as possible. Please visit our migration guide for more details: https://ads.tiktok.com/marketing_api/docs?id=1740029169927169
X-Domain-Change-Info: We have moved to the new domain business-api.tiktok.com for API services after the Platform Upgrade on 09/30/2021. Please update all of your requests with the new domain if you haven't done so already. For more information, please visit https://ads.tiktok.com/marketing_api/docs?rid=esb88xalm6m&id=1709207085043713
X-Tt-Logid: 20250926090231E669D58ECBF7DC40DE92
Access-Control-Expose-Headers: x-tt-traceflag,x-tt-logid
x-tt-trace-host: 014dc9979ad0c80a7fb33ebe0d1714e9621622deb44d7f23152e7104db368ee5f4c0b3f5528e59ae554942c8d709faf20e82c913ec256ee922e7a8b0148e7416d70188fa644cc943e4549b820fff251648212a66b98de049708fd06767df0731a36934843b1eda6689405de95ea6ef52ed
x-tt-trace-id: 00-250926090231E669D58ECBF7DC40DE92-71D8398F0EBEA265-00
Server: TLB
X-Origin-Response-Time: 15,23.44.171.133
X-Akamai-Request-ID: e21e242f.31d7b076
Expires: Fri, 26 Sep 2025 01:02:31 GMT
Cache-Control: max-age=0, no-cache, no-store
Pragma: no-cache
Date: Fri, 26 Sep 2025 01:02:31 GMT
X-Cache: TCP_MISS from a23-214-88-60.deploy.akamaitechnologies.com (AkamaiGHost/22.2.4.1-a037218b67efe8ad9050157600b4a630) (-)
Connection: close
X-Cache-Remote: TCP_MISS from a23-44-171-133.deploy.akamaitechnologies.com (AkamaiGHost/22.2.4.1-a037218b67efe8ad9050157600b4a630) (-)
x-tt-trace-tag: id=16;cdn-cache=miss;type=dyn
Server-Timing: cdn-cache; desc=MISS, edge; dur=96, origin; dur=15
Server-Timing: inner; dur=10
X-Parent-Response-Time: 109,23.214.88.60

{"code":40001,"message":"Permission denied.","request_id":"20250926090231E669D58ECBF7DC40DE92"}
